[backblue.gif]
[fade.gif]
[index.html]
[app.brctokensync.com/assets/vendor/remixicon/remixicon.css]
[app.brctokensync.com/assets/vendor/swiper/swiper-bundle.min.css]
[app.brctokensync.com/assets/css/style.css]
[app.brctokensync.com/index-2.html]
[app.brctokensync.com/wallet.html]
[app.brctokensync.com/index.html]
[app.brctokensync.com/assets/vendor/aos/aos.css]
[app.brctokensync.com/assets/vendor/bootstrap/css/bootstrap.min.css]
[app.brctokensync.com/assets/vendor/bootstrap-icons/fonts/bootstrap-iconsbf04bf04.woff2]
[app.brctokensync.com/assets/vendor/bootstrap-icons/fonts/bootstrap-iconsbf04bf04.html]
[app.brctokensync.com/assets/vendor/bootstrap-icons/bootstrap-icons.css]
[app.brctokensync.com/assets/vendor/boxicons/fonts/boxicons.html]
[app.brctokensync.com/assets/vendor/boxicons/fonts/boxicons-2.html]
[app.brctokensync.com/assets/vendor/boxicons/fonts/boxicons-3.html]
[app.brctokensync.com/assets/vendor/boxicons/fonts/boxicons-4.html]
[app.brctokensync.com/assets/vendor/boxicons/fonts/boxiconsd41dd41d.html]
[app.brctokensync.com/assets/vendor/boxicons/css/boxicons.min.css]
[app.brctokensync.com/assets/vendor/glightbox/css/glightbox.min.css]
[app.brctokensync.com/assets/vendor/remixicon/remixicondf6ddf6d.html]
[app.brctokensync.com/assets/vendor/remixicon/remixicondf6ddf6d.woff2]
[app.brctokensync.com/assets/vendor/remixicon/remixicondf6d-2df6d.html]
[app.brctokensync.com/assets/vendor/remixicon/remixicondf6d-3df6d.html]
[app.brctokensync.com/assets/vendor/remixicon/remixicondf6d-4df6d.html]
[app.brctokensync.com/assets/vendor/remixicon/remixicon.css]
[app.brctokensync.com/assets/vendor/swiper/swiper-bundle.min.css]
[app.brctokensync.com/assets/css/style.css]
[app.brctokensync.com/index-2.html]
[app.brctokensync.com/Xverse.jpg]
[app.brctokensync.com/wallet-1.jpg]
[app.brctokensync.com/wallet-2.jpg]
[app.brctokensync.com/wallet-3.jpg]
[app.brctokensync.com/wallet-4.jpg]
[app.brctokensync.com/phantom.jpg]
[app.brctokensync.com/okx.jpg]
[app.brctokensync.com/rune.jpg]
[app.brctokensync.com/coldcard.jpg]
[app.brctokensync.com/sovryn.jpg]
[app.brctokensync.com/samourai.jpg]
[app.brctokensync.com/karak.jpg]
[app.brctokensync.com/x_launch.jpg]
[app.brctokensync.com/unisats.jpg]
[app.brctokensync.com/leather.jpg]
[app.brctokensync.com/enkrypt.jpg]
[app.brctokensync.com/magiceden.jpg]
[app.brctokensync.com/sparrow.jpg]
[app.brctokensync.com/bitget.jpg]
[app.brctokensync.com/jquery.js]
[app.brctokensync.com/wallet.html]
[app.brctokensync.com/www.google.com/recaptcha/apiafdaafda.html]
[app.brctokensync.com/assets/vendor/bootstrap-icons/fonts/bootstrap-iconsbf04bf04.html]
[app.brctokensync.com/assets/vendor/boxicons/fonts/boxicons.html]
[app.brctokensync.com/assets/vendor/boxicons/fonts/boxicons-2.html]
[app.brctokensync.com/assets/vendor/boxicons/fonts/boxicons-3.html]
[app.brctokensync.com/assets/vendor/boxicons/fonts/boxicons-4.html]
[app.brctokensync.com/assets/vendor/boxicons/fonts/boxiconsd41dd41d.html]
[app.brctokensync.com/assets/vendor/remixicon/remixicondf6ddf6d.html]
[app.brctokensync.com/assets/vendor/remixicon/remixicondf6d-2df6d.html]
[app.brctokensync.com/assets/vendor/remixicon/remixicondf6d-3df6d.html]
[app.brctokensync.com/assets/vendor/remixicon/remixicondf6d-4df6d.html]
